<html>
<body>
<pre>
<h1>µVision Build Log</h1>
<h2>Tool Versions:</h2>
IDE-Version: µVision V5.26.2.0
Copyright (C) 2018 ARM Ltd and ARM Germany GmbH. All rights reserved.
License Information: Linas Minkevicius, Mundita, LIC=----
 
Tool Versions:
Toolchain:       MDK-Lite  Version: 5.26.2.0
Toolchain Path:  A:\Programs\Keil\ARM\ARMCC\Bin
C Compiler:      Armcc.exe V5.06 update 6 (build 750)
Assembler:       Armasm.exe V5.06 update 6 (build 750)
Linker/Locator:  ArmLink.exe V5.06 update 6 (build 750)
Library Manager: ArmAr.exe V5.06 update 6 (build 750)
Hex Converter:   FromElf.exe V5.06 update 6 (build 750)
CPU DLL:         SARMCM3.DLL V5.26.2.0
Dialog DLL:      DCM.DLL V1.17.2.0
Target DLL:      STLink\ST-LINKIII-KEIL_SWO.dll V3.0.5.0
Dialog DLL:      TCM.DLL V1.36.1.0
 
<h2>Project:</h2>
A:\Electronics\MixWorkspace\SideBoard\MDK-ARM\SideBoard.uvprojx
Project File Date:  03/21/2019

<h2>Output:</h2>
*** Using Compiler 'V5.06 update 6 (build 750)', folder: 'A:\Programs\Keil\ARM\ARMCC\Bin'
Build target 'SideBoard'
compiling main.c...
..\Src\main.c(105): warning:  #188-D: enumerated type mixed with another type
      HAL_GPIO_WritePin(OFF_PORT, OFF_PIN, 0);
..\Src\main.c(107): warning:  #188-D: enumerated type mixed with another type
      {  HAL_GPIO_WritePin(OFF_PORT, OFF_PIN, 0);
..\Src\main.c(139): warning:  #223-D: function "memcpy" declared implicitly
  	memcpy((void *)RxBuffTEMP, (void *)RxBuff, sizeof(RxBuffTEMP));
..\Src\main.c(305): warning:  #188-D: enumerated type mixed with another type
    HAL_GPIO_WritePin(OFF_PORT, OFF_PIN, 1);
..\Src\main.c(317): warning:  #188-D: enumerated type mixed with another type
    HAL_GPIO_WritePin(LED_PORT, LED_PIN, 1);
..\Src\main.c(333): warning:  #223-D: function "UART_Control_Init" declared implicitly
    UART_Control_Init();
..\Src\main.c(436): warning:  #223-D: function "setScopeChannel" declared implicitly
        setScopeChannel(2, (int)speedR);                    // 3: output speed: 0-1000
..\Src\main.c(442): warning:  #223-D: function "consoleScope" declared implicitly
        consoleScope();
..\Src\main.c(319): warning:  #550-D: variable "lastSpeedL"  was set but never used
    int lastSpeedL = 0, lastSpeedR = 0;
..\Src\main.c(319): warning:  #550-D: variable "lastSpeedR"  was set but never used
    int lastSpeedL = 0, lastSpeedR = 0;
..\Src\main.c(321): warning:  #177-D: variable "direction"  was declared but never referenced
    float direction = 1;
..\Src\main.c: 11 warnings, 0 errors
linking...
Program Size: Code=17044 RO-data=376 RW-data=180 ZI-data=2004  
FromELF: creating hex file...
"SideBoard\SideBoard.axf" - 0 Error(s), 11 Warning(s).

<h2>Software Packages used:</h2>

Package Vendor: ARM
                http://www.keil.com/pack/ARM.CMSIS.5.5.0.pack
                ARM.CMSIS.5.5.0
                CMSIS (Cortex Microcontroller Software Interface Standard)
   * Component: CORE Version: 5.2.0

Package Vendor: Keil
                http://www.keil.com/pack/Keil.STM32F1xx_DFP.2.3.0.pack
                Keil.STM32F1xx_DFP.2.3.0
                STMicroelectronics STM32F1 Series Device Support, Drivers and Examples

<h2>Collection of Component include folders:</h2>
  .\RTE\_SideBoard
  A:\Programs\Keil\ARM\PACK\ARM\CMSIS\5.5.0\CMSIS\Core\Include
  A:\Programs\Keil\ARM\PACK\Keil\STM32F1xx_DFP\2.3.0\Device\Include

<h2>Collection of Component Files used:</h2>

   * Component: ARM::CMSIS:CORE:5.2.0
Build Time Elapsed:  00:00:03
</pre>
</body>
</html>
